userauth-no-keystore-api-1.1
test.db:The database must be encrypted to enable authentication.
User-Add failed: 1
userauth-no-keystore-api-1.2
NULL
1
2.5
'three'
X'4444'
t1
userauth-no-keystore-api-1.3
test.db:The database must be encrypted to enable authentication.
User-Add failed: 1
userauth-no-keystore-api-2.1
userauth-no-keystore-api-2.2
NULL
1
2.5
'three'
X'4444'
sqlite_user
t1
userauth-no-keystore-api-2.3
Error: near line xx: Could not access the database.
userauth-no-keystore-api-2.4
userauth-no-keystore-api-2.5
userauth-no-keystore-api-2.6
NULL
1
2.5
'three'
X'4444'
sqlite_user
t1
userauth-no-keystore-api-2.7
